// Jest Snapshot v1, https://goo.gl/fbAQLP

exports[`AscentV3Pool gas tests fee is off #burn above current price burn entire position after some time passes 1`] = `94995`;

exports[`AscentV3Pool gas tests fee is off #burn above current price burn when only position using ticks 1`] = `94995`;

exports[`AscentV3Pool gas tests fee is off #burn above current price entire position burn but other positions are using the ticks 1`] = `94277`;

exports[`AscentV3Pool gas tests fee is off #burn above current price partial position burn 1`] = `99077`;

exports[`AscentV3Pool gas tests fee is off #burn around current price burn entire position after some time passes 1`] = `114312`;

exports[`AscentV3Pool gas tests fee is off #burn around current price burn when only position using ticks 1`] = `107051`;

exports[`AscentV3Pool gas tests fee is off #burn around current price entire position burn but other positions are using the ticks 1`] = `98947`;

exports[`AscentV3Pool gas tests fee is off #burn around current price partial position burn 1`] = `103747`;

exports[`AscentV3Pool gas tests fee is off #burn below current price burn entire position after some time passes 1`] = `104477`;

exports[`AscentV3Pool gas tests fee is off #burn below current price burn when only position using ticks 1`] = `104477`;

exports[`AscentV3Pool gas tests fee is off #burn below current price entire position burn but other positions are using the ticks 1`] = `94930`;

exports[`AscentV3Pool gas tests fee is off #burn below current price partial position burn 1`] = `99730`;

exports[`AscentV3Pool gas tests fee is off #collect close to worst case 1`] = `45712`;

exports[`AscentV3Pool gas tests fee is off #increaseObservationCardinalityNext grow by 1 slot 1`] = `53046`;

exports[`AscentV3Pool gas tests fee is off #increaseObservationCardinalityNext no op 1`] = `26628`;

exports[`AscentV3Pool gas tests fee is off #mint above current price add to position after some time passes 1`] = `110291`;

exports[`AscentV3Pool gas tests fee is off #mint above current price add to position existing 1`] = `110291`;

exports[`AscentV3Pool gas tests fee is off #mint above current price new position mint first in range 1`] = `228953`;

exports[`AscentV3Pool gas tests fee is off #mint above current price second position in same range 1`] = `127391`;

exports[`AscentV3Pool gas tests fee is off #mint around current price add to position after some time passes 1`] = `148221`;

exports[`AscentV3Pool gas tests fee is off #mint around current price add to position existing 1`] = `139144`;

exports[`AscentV3Pool gas tests fee is off #mint around current price new position mint first in range 1`] = `329309`;

exports[`AscentV3Pool gas tests fee is off #mint around current price second position in same range 1`] = `156244`;

exports[`AscentV3Pool gas tests fee is off #mint below current price add to position after some time passes 1`] = `110896`;

exports[`AscentV3Pool gas tests fee is off #mint below current price add to position existing 1`] = `110896`;

exports[`AscentV3Pool gas tests fee is off #mint below current price new position mint first in range 1`] = `310610`;

exports[`AscentV3Pool gas tests fee is off #mint below current price second position in same range 1`] = `127996`;

exports[`AscentV3Pool gas tests fee is off #poke best case 1`] = `53866`;

exports[`AscentV3Pool gas tests fee is off #snapshotCumulativesInside tick above 1`] = `31522`;

exports[`AscentV3Pool gas tests fee is off #snapshotCumulativesInside tick below 1`] = `31484`;

exports[`AscentV3Pool gas tests fee is off #snapshotCumulativesInside tick inside 1`] = `38860`;

exports[`AscentV3Pool gas tests fee is off #swapExact0For1 first swap in block moves tick, no initialized crossings 1`] = `123523`;

exports[`AscentV3Pool gas tests fee is off #swapExact0For1 first swap in block with no tick movement 1`] = `108155`;

exports[`AscentV3Pool gas tests fee is off #swapExact0For1 first swap in block, large swap crossing a single initialized tick 1`] = `151523`;

exports[`AscentV3Pool gas tests fee is off #swapExact0For1 first swap in block, large swap crossing several initialized ticks 1`] = `212625`;

exports[`AscentV3Pool gas tests fee is off #swapExact0For1 first swap in block, large swap, no initialized crossings 1`] = `137432`;

exports[`AscentV3Pool gas tests fee is off #swapExact0For1 large swap crossing several initialized ticks after some time passes 1`] = `212625`;

exports[`AscentV3Pool gas tests fee is off #swapExact0For1 large swap crossing several initialized ticks second time after some time passes 1`] = `231825`;

exports[`AscentV3Pool gas tests fee is off #swapExact0For1 second swap in block moves tick, no initialized crossings 1`] = `123523`;

exports[`AscentV3Pool gas tests fee is off #swapExact0For1 second swap in block with no tick movement 1`] = `108255`;

exports[`AscentV3Pool gas tests fee is off #swapExact0For1 second swap in block, large swap crossing a single initialized tick 1`] = `138500`;

exports[`AscentV3Pool gas tests fee is off #swapExact0For1 second swap in block, large swap crossing several initialized ticks 1`] = `200574`;

exports[`AscentV3Pool gas tests fee is on #burn above current price burn entire position after some time passes 1`] = `94995`;

exports[`AscentV3Pool gas tests fee is on #burn above current price burn when only position using ticks 1`] = `94995`;

exports[`AscentV3Pool gas tests fee is on #burn above current price entire position burn but other positions are using the ticks 1`] = `94277`;

exports[`AscentV3Pool gas tests fee is on #burn above current price partial position burn 1`] = `99077`;

exports[`AscentV3Pool gas tests fee is on #burn around current price burn entire position after some time passes 1`] = `114312`;

exports[`AscentV3Pool gas tests fee is on #burn around current price burn when only position using ticks 1`] = `107051`;

exports[`AscentV3Pool gas tests fee is on #burn around current price entire position burn but other positions are using the ticks 1`] = `98947`;

exports[`AscentV3Pool gas tests fee is on #burn around current price partial position burn 1`] = `103747`;

exports[`AscentV3Pool gas tests fee is on #burn below current price burn entire position after some time passes 1`] = `104477`;

exports[`AscentV3Pool gas tests fee is on #burn below current price burn when only position using ticks 1`] = `104477`;

exports[`AscentV3Pool gas tests fee is on #burn below current price entire position burn but other positions are using the ticks 1`] = `94930`;

exports[`AscentV3Pool gas tests fee is on #burn below current price partial position burn 1`] = `99730`;

exports[`AscentV3Pool gas tests fee is on #collect close to worst case 1`] = `45712`;

exports[`AscentV3Pool gas tests fee is on #increaseObservationCardinalityNext grow by 1 slot 1`] = `53046`;

exports[`AscentV3Pool gas tests fee is on #increaseObservationCardinalityNext no op 1`] = `26628`;

exports[`AscentV3Pool gas tests fee is on #mint above current price add to position after some time passes 1`] = `110291`;

exports[`AscentV3Pool gas tests fee is on #mint above current price add to position existing 1`] = `110291`;

exports[`AscentV3Pool gas tests fee is on #mint above current price new position mint first in range 1`] = `228953`;

exports[`AscentV3Pool gas tests fee is on #mint above current price second position in same range 1`] = `127391`;

exports[`AscentV3Pool gas tests fee is on #mint around current price add to position after some time passes 1`] = `148221`;

exports[`AscentV3Pool gas tests fee is on #mint around current price add to position existing 1`] = `139144`;

exports[`AscentV3Pool gas tests fee is on #mint around current price new position mint first in range 1`] = `329309`;

exports[`AscentV3Pool gas tests fee is on #mint around current price second position in same range 1`] = `156244`;

exports[`AscentV3Pool gas tests fee is on #mint below current price add to position after some time passes 1`] = `110896`;

exports[`AscentV3Pool gas tests fee is on #mint below current price add to position existing 1`] = `110896`;

exports[`AscentV3Pool gas tests fee is on #mint below current price new position mint first in range 1`] = `310610`;

exports[`AscentV3Pool gas tests fee is on #mint below current price second position in same range 1`] = `127996`;

exports[`AscentV3Pool gas tests fee is on #poke best case 1`] = `53866`;

exports[`AscentV3Pool gas tests fee is on #snapshotCumulativesInside tick above 1`] = `31522`;

exports[`AscentV3Pool gas tests fee is on #snapshotCumulativesInside tick below 1`] = `31484`;

exports[`AscentV3Pool gas tests fee is on #snapshotCumulativesInside tick inside 1`] = `38860`;

exports[`AscentV3Pool gas tests fee is on #swapExact0For1 first swap in block moves tick, no initialized crossings 1`] = `129141`;

exports[`AscentV3Pool gas tests fee is on #swapExact0For1 first swap in block with no tick movement 1`] = `113497`;

exports[`AscentV3Pool gas tests fee is on #swapExact0For1 first swap in block, large swap crossing a single initialized tick 1`] = `157417`;

exports[`AscentV3Pool gas tests fee is on #swapExact0For1 first swap in block, large swap crossing several initialized ticks 1`] = `219347`;

exports[`AscentV3Pool gas tests fee is on #swapExact0For1 first swap in block, large swap, no initialized crossings 1`] = `143602`;

exports[`AscentV3Pool gas tests fee is on #swapExact0For1 large swap crossing several initialized ticks after some time passes 1`] = `219347`;

exports[`AscentV3Pool gas tests fee is on #swapExact0For1 large swap crossing several initialized ticks second time after some time passes 1`] = `238547`;

exports[`AscentV3Pool gas tests fee is on #swapExact0For1 second swap in block moves tick, no initialized crossings 1`] = `129141`;

exports[`AscentV3Pool gas tests fee is on #swapExact0For1 second swap in block with no tick movement 1`] = `113597`;

exports[`AscentV3Pool gas tests fee is on #swapExact0For1 second swap in block, large swap crossing a single initialized tick 1`] = `144118`;

exports[`AscentV3Pool gas tests fee is on #swapExact0For1 second swap in block, large swap crossing several initialized ticks 1`] = `207020`;
