// Jest Snapshot v1, https://goo.gl/fbAQLP

exports[`AscentV3Factory #createPool gas 1`] = `4729217`;

exports[`AscentV3Factory factory bytecode size 1`] = `5151`;

exports[`AscentV3Factory pool bytecode size 1`] = `22961`;
